14:49:47 | ============================================================
14:49:47 | 🎯 STARTING FULL PRODUCTION TEST
14:49:47 | ============================================================
14:49:47 | 🚀 Starting backend server...
14:49:50 | ✅ Backend started
14:49:55 | 📊 Starting REAL report generation for AAPL
14:49:55 | ❌ Failed to start report: 404
14:49:55 | ❌ Failed to start report
14:50:15 | ============================================================
14:50:15 | 🎯 STARTING FULL PRODUCTION TEST
14:50:15 | ============================================================
14:50:15 | 📊 Starting REAL report generation for AAPL
14:50:15 | ❌ Failed to start report: 422
14:50:15 | ❌ Failed to start report
14:50:43 | ============================================================
14:50:43 | 🎯 STARTING FULL PRODUCTION TEST
14:50:43 | ============================================================
14:50:43 | 📊 Starting REAL report generation for AAPL
14:50:43 | ✅ Report started: prod_report_AAPL_1769323843
14:50:43 | 👁️ Monitoring report (max 15 minutes)...
14:50:43 | 📈 Progress: 0% | Stage: error | Time: 0.0min
14:50:48 | 📈 Progress: 0% | Stage: error | Time: 0.1min
14:50:53 | 📈 Progress: 0% | Stage: error | Time: 0.2min
14:50:58 | 📈 Progress: 0% | Stage: error | Time: 0.3min
14:51:03 | 📈 Progress: 0% | Stage: error | Time: 0.3min
14:51:09 | 📈 Progress: 0% | Stage: error | Time: 0.4min
14:51:14 | 📈 Progress: 0% | Stage: error | Time: 0.5min
14:51:19 | 📈 Progress: 0% | Stage: error | Time: 0.6min
14:51:24 | 📈 Progress: 0% | Stage: error | Time: 0.7min
14:51:29 | 📈 Progress: 0% | Stage: error | Time: 0.8min
14:51:34 | 📈 Progress: 0% | Stage: error | Time: 0.8min
14:51:39 | 📈 Progress: 0% | Stage: error | Time: 0.9min
14:51:44 | 🚨 STUCK at 0% for 1+ minutes
14:51:44 |    Kiro processes running: 26
14:51:44 | 📈 Progress: 0% | Stage: error | Time: 1.0min
14:51:49 | 🚨 STUCK at 0% for 1+ minutes
14:51:49 |    Kiro processes running: 26
14:51:49 | 📈 Progress: 0% | Stage: error | Time: 1.1min
14:51:54 | 🚨 STUCK at 0% for 1+ minutes
14:51:54 |    Kiro processes running: 26
14:51:54 | 📈 Progress: 0% | Stage: error | Time: 1.2min
14:51:59 | 🚨 STUCK at 0% for 1+ minutes
14:51:59 |    Kiro processes running: 26
14:51:59 | 📈 Progress: 0% | Stage: error | Time: 1.3min
14:52:04 | 🚨 STUCK at 0% for 1+ minutes
14:52:05 |    Kiro processes running: 26
14:52:05 | 📈 Progress: 0% | Stage: error | Time: 1.4min
14:52:10 | 🚨 STUCK at 0% for 1+ minutes
14:52:10 |    Kiro processes running: 26
14:52:10 | 📈 Progress: 0% | Stage: error | Time: 1.4min
14:52:15 | 🚨 STUCK at 0% for 1+ minutes
14:52:15 |    Kiro processes running: 26
14:52:15 | 📈 Progress: 0% | Stage: error | Time: 1.5min
14:52:20 | 🚨 STUCK at 0% for 1+ minutes
14:52:20 |    Kiro processes running: 26
14:52:20 | 📈 Progress: 0% | Stage: error | Time: 1.6min
14:52:25 | 🚨 STUCK at 0% for 1+ minutes
14:52:25 |    Kiro processes running: 26
14:52:25 | 📈 Progress: 0% | Stage: error | Time: 1.7min
14:52:30 | 🚨 STUCK at 0% for 1+ minutes
14:52:30 |    Kiro processes running: 26
14:52:30 | 📈 Progress: 0% | Stage: error | Time: 1.8min
14:52:35 | 🚨 STUCK at 0% for 1+ minutes
14:52:35 |    Kiro processes running: 26
14:52:35 | 📈 Progress: 0% | Stage: error | Time: 1.9min
14:52:40 | 🚨 STUCK at 0% for 1+ minutes
14:52:40 |    Kiro processes running: 26
14:52:40 | 📈 Progress: 0% | Stage: error | Time: 2.0min
14:52:45 | 🚨 STUCK at 0% for 1+ minutes
14:52:46 |    Kiro processes running: 26
14:52:46 | 📈 Progress: 0% | Stage: error | Time: 2.0min
14:52:51 | 🚨 STUCK at 0% for 1+ minutes
14:52:51 |    Kiro processes running: 26
14:52:51 | 📈 Progress: 0% | Stage: error | Time: 2.1min
14:52:56 | 🚨 STUCK at 0% for 1+ minutes
14:52:56 |    Kiro processes running: 27
14:52:56 | 📈 Progress: 0% | Stage: error | Time: 2.2min
14:53:01 | 🚨 STUCK at 0% for 1+ minutes
14:53:01 |    Kiro processes running: 27
14:53:01 | 📈 Progress: 0% | Stage: error | Time: 2.3min
14:53:06 | 🚨 STUCK at 0% for 1+ minutes
14:53:06 |    Kiro processes running: 27
14:53:06 | 📈 Progress: 0% | Stage: error | Time: 2.4min
14:53:11 | 🚨 STUCK at 0% for 1+ minutes
14:53:11 |    Kiro processes running: 26
14:53:11 | 📈 Progress: 0% | Stage: error | Time: 2.5min
14:53:16 | 🚨 STUCK at 0% for 1+ minutes
14:53:16 |    Kiro processes running: 26
14:53:16 | 📈 Progress: 0% | Stage: error | Time: 2.6min
14:53:21 | 🚨 STUCK at 0% for 1+ minutes
14:53:21 |    Kiro processes running: 26
14:53:21 | 📈 Progress: 0% | Stage: error | Time: 2.6min
14:53:26 | 🚨 STUCK at 0% for 1+ minutes
14:53:26 |    Kiro processes running: 26
14:53:26 | 📈 Progress: 0% | Stage: error | Time: 2.7min
14:53:31 | 🚨 STUCK at 0% for 1+ minutes
14:53:32 |    Kiro processes running: 26
14:53:32 | 📈 Progress: 0% | Stage: error | Time: 2.8min
14:53:37 | 🚨 STUCK at 0% for 1+ minutes
14:53:37 |    Kiro processes running: 26
14:53:37 | 📈 Progress: 0% | Stage: error | Time: 2.9min
14:53:42 | 🚨 STUCK at 0% for 1+ minutes
14:53:42 |    Kiro processes running: 26
14:53:42 | 📈 Progress: 0% | Stage: error | Time: 3.0min
14:53:47 | 🚨 STUCK at 0% for 1+ minutes
14:53:47 |    Kiro processes running: 26
14:53:47 | 📈 Progress: 0% | Stage: error | Time: 3.1min
14:53:52 | 🚨 STUCK at 0% for 1+ minutes
14:53:52 |    Kiro processes running: 26
14:53:52 | 📈 Progress: 0% | Stage: error | Time: 3.1min
14:53:57 | 🚨 STUCK at 0% for 1+ minutes
14:53:57 |    Kiro processes running: 26
14:53:57 | 📈 Progress: 0% | Stage: error | Time: 3.2min
14:54:02 | 🚨 STUCK at 0% for 1+ minutes
14:54:02 |    Kiro processes running: 26
14:54:02 | 📈 Progress: 0% | Stage: error | Time: 3.3min
14:54:07 | 🚨 STUCK at 0% for 1+ minutes
14:54:07 |    Kiro processes running: 26
14:54:07 | 📈 Progress: 0% | Stage: error | Time: 3.4min
14:54:12 | 🚨 STUCK at 0% for 1+ minutes
14:54:12 |    Kiro processes running: 26
14:54:12 | 📈 Progress: 0% | Stage: error | Time: 3.5min
14:54:17 | 🚨 STUCK at 0% for 1+ minutes
14:54:17 |    Kiro processes running: 26
14:54:17 | 📈 Progress: 0% | Stage: error | Time: 3.6min
14:54:22 | 🚨 STUCK at 0% for 1+ minutes
14:54:22 |    Kiro processes running: 26
14:54:22 | 📈 Progress: 0% | Stage: error | Time: 3.6min
14:54:27 | 🚨 STUCK at 0% for 1+ minutes
14:54:27 |    Kiro processes running: 26
14:54:27 | 📈 Progress: 0% | Stage: error | Time: 3.7min
14:54:32 | 🚨 STUCK at 0% for 1+ minutes
14:54:32 |    Kiro processes running: 26
14:54:32 | 📈 Progress: 0% | Stage: error | Time: 3.8min
14:54:37 | 🚨 STUCK at 0% for 1+ minutes
14:54:37 |    Kiro processes running: 26
14:54:37 | 📈 Progress: 0% | Stage: error | Time: 3.9min
14:54:42 | 🚨 STUCK at 0% for 1+ minutes
14:54:42 |    Kiro processes running: 26
14:54:42 | 📈 Progress: 0% | Stage: error | Time: 4.0min
14:54:47 | 🚨 STUCK at 0% for 1+ minutes
14:54:47 |    Kiro processes running: 26
14:54:47 | 📈 Progress: 0% | Stage: error | Time: 4.1min
14:54:52 | 🚨 STUCK at 0% for 1+ minutes
14:54:52 |    Kiro processes running: 26
14:54:52 | 📈 Progress: 0% | Stage: error | Time: 4.1min
14:54:57 | 🚨 STUCK at 0% for 1+ minutes
14:54:57 |    Kiro processes running: 26
14:54:57 | 📈 Progress: 0% | Stage: error | Time: 4.2min
14:55:02 | 🚨 STUCK at 0% for 1+ minutes
14:55:02 |    Kiro processes running: 26
14:55:02 | 📈 Progress: 0% | Stage: error | Time: 4.3min
14:55:07 | 🚨 STUCK at 0% for 1+ minutes
14:55:07 |    Kiro processes running: 26
14:55:07 | 📈 Progress: 0% | Stage: error | Time: 4.4min
14:55:12 | 🚨 STUCK at 0% for 1+ minutes
14:55:12 |    Kiro processes running: 26
14:55:12 | 📈 Progress: 0% | Stage: error | Time: 4.5min
14:55:17 | 🚨 STUCK at 0% for 1+ minutes
14:55:17 |    Kiro processes running: 26
14:55:17 | 📈 Progress: 0% | Stage: error | Time: 4.6min
14:55:22 | 🚨 STUCK at 0% for 1+ minutes
14:55:22 |    Kiro processes running: 26
14:55:22 | 📈 Progress: 0% | Stage: error | Time: 4.7min
14:55:27 | 🚨 STUCK at 0% for 1+ minutes
14:55:27 |    Kiro processes running: 24
14:55:27 | 📈 Progress: 0% | Stage: error | Time: 4.7min
14:55:32 | 🚨 STUCK at 0% for 1+ minutes
14:55:32 |    Kiro processes running: 24
14:55:32 | 📈 Progress: 0% | Stage: error | Time: 4.8min
14:55:37 | 🚨 STUCK at 0% for 1+ minutes
14:55:38 |    Kiro processes running: 24
14:55:38 | 📈 Progress: 0% | Stage: error | Time: 4.9min
14:55:43 | 🚨 STUCK at 0% for 1+ minutes
14:55:43 |    Kiro processes running: 24
14:55:43 | 📈 Progress: 0% | Stage: error | Time: 5.0min
14:55:48 | 🚨 STUCK at 0% for 1+ minutes
14:55:48 |    Kiro processes running: 24
14:55:48 | 📈 Progress: 0% | Stage: error | Time: 5.1min
14:55:53 | 🚨 STUCK at 0% for 1+ minutes
14:55:53 |    Kiro processes running: 24
14:55:53 | 📈 Progress: 0% | Stage: error | Time: 5.2min
14:55:58 | 🚨 STUCK at 0% for 1+ minutes
14:55:58 |    Kiro processes running: 24
14:55:58 | 📈 Progress: 0% | Stage: error | Time: 5.2min
14:56:03 | 🚨 STUCK at 0% for 1+ minutes
14:56:03 |    Kiro processes running: 24
14:56:03 | 📈 Progress: 0% | Stage: error | Time: 5.3min
14:56:08 | 🚨 STUCK at 0% for 1+ minutes
14:56:08 |    Kiro processes running: 22
14:56:08 | 📈 Progress: 0% | Stage: error | Time: 5.4min
14:56:13 | 🚨 STUCK at 0% for 1+ minutes
14:56:13 |    Kiro processes running: 23
14:56:13 | 📈 Progress: 0% | Stage: error | Time: 5.5min
14:56:18 | 🚨 STUCK at 0% for 1+ minutes
14:56:18 |    Kiro processes running: 23
14:56:18 | 📈 Progress: 0% | Stage: error | Time: 5.6min
14:56:23 | 🚨 STUCK at 0% for 1+ minutes
14:56:23 |    Kiro processes running: 20
14:56:23 | 📈 Progress: 0% | Stage: error | Time: 5.7min
14:56:28 | 🚨 STUCK at 0% for 1+ minutes
14:56:28 |    Kiro processes running: 20
14:56:28 | 📈 Progress: 0% | Stage: error | Time: 5.7min
14:56:33 | 🚨 STUCK at 0% for 1+ minutes
14:56:33 |    Kiro processes running: 20
14:56:33 | 📈 Progress: 0% | Stage: error | Time: 5.8min
14:56:38 | 🚨 STUCK at 0% for 1+ minutes
14:56:38 |    Kiro processes running: 18
14:56:38 | 📈 Progress: 0% | Stage: error | Time: 5.9min
14:56:43 | 🚨 STUCK at 0% for 1+ minutes
14:56:43 |    Kiro processes running: 16
14:56:43 | 📈 Progress: 0% | Stage: error | Time: 6.0min
14:56:48 | 🚨 STUCK at 0% for 1+ minutes
14:56:48 |    Kiro processes running: 16
14:56:48 | 📈 Progress: 0% | Stage: error | Time: 6.1min
14:56:53 | 🚨 STUCK at 0% for 1+ minutes
14:56:53 |    Kiro processes running: 16
14:56:53 | 📈 Progress: 0% | Stage: error | Time: 6.2min
14:56:58 | 🚨 STUCK at 0% for 1+ minutes
14:56:58 |    Kiro processes running: 16
14:56:58 | 📈 Progress: 0% | Stage: error | Time: 6.2min
14:57:03 | 🚨 STUCK at 0% for 1+ minutes
14:57:03 |    Kiro processes running: 16
14:57:03 | 📈 Progress: 0% | Stage: error | Time: 6.3min
14:57:08 | 🚨 STUCK at 0% for 1+ minutes
14:57:08 |    Kiro processes running: 17
14:57:08 | 📈 Progress: 0% | Stage: error | Time: 6.4min
14:57:13 | 🚨 STUCK at 0% for 1+ minutes
14:57:13 |    Kiro processes running: 17
14:57:13 | 📈 Progress: 0% | Stage: error | Time: 6.5min
14:57:18 | 🚨 STUCK at 0% for 1+ minutes
14:57:18 |    Kiro processes running: 16
14:57:18 | 📈 Progress: 0% | Stage: error | Time: 6.6min
14:57:23 | 🚨 STUCK at 0% for 1+ minutes
14:57:23 |    Kiro processes running: 16
14:57:23 | 📈 Progress: 0% | Stage: error | Time: 6.7min
14:57:28 | 🚨 STUCK at 0% for 1+ minutes
14:57:28 |    Kiro processes running: 16
14:57:28 | 📈 Progress: 0% | Stage: error | Time: 6.8min
14:57:33 | 🚨 STUCK at 0% for 1+ minutes
14:57:33 |    Kiro processes running: 16
14:57:33 | 📈 Progress: 0% | Stage: error | Time: 6.8min
14:57:38 | 🚨 STUCK at 0% for 1+ minutes
14:57:38 |    Kiro processes running: 16
14:57:38 | 📈 Progress: 0% | Stage: error | Time: 6.9min
14:57:43 | 🚨 STUCK at 0% for 1+ minutes
14:57:43 |    Kiro processes running: 16
14:57:43 | 📈 Progress: 0% | Stage: error | Time: 7.0min
14:57:48 | 🚨 STUCK at 0% for 1+ minutes
14:57:49 |    Kiro processes running: 16
14:57:49 | 📈 Progress: 0% | Stage: error | Time: 7.1min
14:57:54 | 🚨 STUCK at 0% for 1+ minutes
14:57:54 |    Kiro processes running: 14
14:57:54 | 📈 Progress: 0% | Stage: error | Time: 7.2min
14:57:59 | 🚨 STUCK at 0% for 1+ minutes
14:57:59 |    Kiro processes running: 14
14:57:59 | 📈 Progress: 0% | Stage: error | Time: 7.3min
14:58:04 | 🚨 STUCK at 0% for 1+ minutes
14:58:04 |    Kiro processes running: 12
14:58:04 | 📈 Progress: 0% | Stage: error | Time: 7.3min
14:58:09 | 🚨 STUCK at 0% for 1+ minutes
14:58:09 |    Kiro processes running: 12
14:58:09 | 📈 Progress: 0% | Stage: error | Time: 7.4min
14:58:14 | 🚨 STUCK at 0% for 1+ minutes
14:58:14 |    Kiro processes running: 12
14:58:14 | 📈 Progress: 0% | Stage: error | Time: 7.5min
14:58:19 | 🚨 STUCK at 0% for 1+ minutes
14:58:19 |    Kiro processes running: 12
14:58:19 | 📈 Progress: 0% | Stage: error | Time: 7.6min
14:58:24 | 🚨 STUCK at 0% for 1+ minutes
14:58:24 |    Kiro processes running: 12
14:58:24 | 📈 Progress: 0% | Stage: error | Time: 7.7min
14:58:29 | 🚨 STUCK at 0% for 1+ minutes
14:58:29 |    Kiro processes running: 12
14:58:29 | 📈 Progress: 0% | Stage: error | Time: 7.8min
14:58:34 | 🚨 STUCK at 0% for 1+ minutes
14:58:34 |    Kiro processes running: 12
14:58:34 | 📈 Progress: 0% | Stage: error | Time: 7.8min
14:58:39 | 🚨 STUCK at 0% for 1+ minutes
14:58:39 |    Kiro processes running: 12
14:58:39 | 📈 Progress: 0% | Stage: error | Time: 7.9min
14:58:44 | 🚨 STUCK at 0% for 1+ minutes
14:58:44 |    Kiro processes running: 11
14:58:44 | 📈 Progress: 0% | Stage: error | Time: 8.0min
14:58:49 | 🚨 STUCK at 0% for 1+ minutes
14:58:49 |    Kiro processes running: 11
14:58:49 | 📈 Progress: 0% | Stage: error | Time: 8.1min
14:58:54 | 🚨 STUCK at 0% for 1+ minutes
14:58:54 |    Kiro processes running: 11
14:58:54 | 📈 Progress: 0% | Stage: error | Time: 8.2min
14:58:59 | 🚨 STUCK at 0% for 1+ minutes
14:58:59 |    Kiro processes running: 11
14:58:59 | 📈 Progress: 0% | Stage: error | Time: 8.3min
14:59:04 | 🚨 STUCK at 0% for 1+ minutes
14:59:04 |    Kiro processes running: 11
14:59:04 | 📈 Progress: 0% | Stage: error | Time: 8.4min
14:59:09 | 🚨 STUCK at 0% for 1+ minutes
14:59:09 |    Kiro processes running: 11
14:59:09 | 📈 Progress: 0% | Stage: error | Time: 8.4min
14:59:14 | 🚨 STUCK at 0% for 1+ minutes
14:59:14 |    Kiro processes running: 11
14:59:14 | 📈 Progress: 0% | Stage: error | Time: 8.5min
14:59:19 | 🚨 STUCK at 0% for 1+ minutes
14:59:19 |    Kiro processes running: 11
14:59:19 | 📈 Progress: 0% | Stage: error | Time: 8.6min
14:59:24 | 🚨 STUCK at 0% for 1+ minutes
14:59:24 |    Kiro processes running: 11
14:59:24 | 📈 Progress: 0% | Stage: error | Time: 8.7min
14:59:29 | 🚨 STUCK at 0% for 1+ minutes
14:59:29 |    Kiro processes running: 11
14:59:29 | 📈 Progress: 0% | Stage: error | Time: 8.8min
14:59:34 | 🚨 STUCK at 0% for 1+ minutes
14:59:34 |    Kiro processes running: 11
14:59:34 | 📈 Progress: 0% | Stage: error | Time: 8.9min
14:59:39 | 🚨 STUCK at 0% for 1+ minutes
14:59:40 |    Kiro processes running: 11
14:59:40 | 📈 Progress: 0% | Stage: error | Time: 8.9min
14:59:45 | 🚨 STUCK at 0% for 1+ minutes
14:59:45 |    Kiro processes running: 11
14:59:45 | 📈 Progress: 0% | Stage: error | Time: 9.0min
14:59:50 | 🚨 STUCK at 0% for 1+ minutes
14:59:50 |    Kiro processes running: 11
14:59:50 | 📈 Progress: 0% | Stage: error | Time: 9.1min
14:59:55 | 🚨 STUCK at 0% for 1+ minutes
14:59:55 |    Kiro processes running: 11
14:59:55 | 📈 Progress: 0% | Stage: error | Time: 9.2min
15:00:00 | 🚨 STUCK at 0% for 1+ minutes
15:00:00 |    Kiro processes running: 11
15:00:00 | 📈 Progress: 0% | Stage: error | Time: 9.3min
15:00:05 | 🚨 STUCK at 0% for 1+ minutes
15:00:05 |    Kiro processes running: 11
15:00:05 | 📈 Progress: 0% | Stage: error | Time: 9.4min
15:00:10 | 🚨 STUCK at 0% for 1+ minutes
15:00:10 |    Kiro processes running: 11
15:00:10 | 📈 Progress: 0% | Stage: error | Time: 9.4min
15:00:15 | 🚨 STUCK at 0% for 1+ minutes
15:00:15 |    Kiro processes running: 11
15:00:15 | 📈 Progress: 0% | Stage: error | Time: 9.5min
15:00:20 | 🚨 STUCK at 0% for 1+ minutes
15:00:20 |    Kiro processes running: 11
15:00:20 | 📈 Progress: 0% | Stage: error | Time: 9.6min
15:00:25 | 🚨 STUCK at 0% for 1+ minutes
15:00:25 |    Kiro processes running: 11
15:00:25 | 📈 Progress: 0% | Stage: error | Time: 9.7min
15:00:30 | 🚨 STUCK at 0% for 1+ minutes
15:00:30 |    Kiro processes running: 11
15:00:30 | 📈 Progress: 0% | Stage: error | Time: 9.8min
15:00:35 | 🚨 STUCK at 0% for 1+ minutes
15:00:35 |    Kiro processes running: 11
15:00:35 | 📈 Progress: 0% | Stage: error | Time: 9.9min
15:00:40 | 🚨 STUCK at 0% for 1+ minutes
15:00:40 |    Kiro processes running: 11
15:00:40 | 📈 Progress: 0% | Stage: error | Time: 9.9min
15:00:45 | 🚨 STUCK at 0% for 1+ minutes
15:00:45 |    Kiro processes running: 11
15:00:45 | 📈 Progress: 0% | Stage: error | Time: 10.0min
15:00:50 | 🚨 STUCK at 0% for 1+ minutes
15:00:50 |    Kiro processes running: 11
15:00:50 | 📈 Progress: 0% | Stage: error | Time: 10.1min
15:00:55 | 🚨 STUCK at 0% for 1+ minutes
15:00:55 |    Kiro processes running: 11
15:00:55 | 📈 Progress: 0% | Stage: error | Time: 10.2min
15:01:00 | 🚨 STUCK at 0% for 1+ minutes
15:01:00 |    Kiro processes running: 11
15:01:00 | 📈 Progress: 0% | Stage: error | Time: 10.3min
15:01:05 | 🚨 STUCK at 0% for 1+ minutes
15:01:05 |    Kiro processes running: 11
15:01:05 | 📈 Progress: 0% | Stage: error | Time: 10.4min
15:01:10 | 🚨 STUCK at 0% for 1+ minutes
15:01:11 |    Kiro processes running: 11
15:01:11 | 📈 Progress: 0% | Stage: error | Time: 10.5min
15:01:16 | 🚨 STUCK at 0% for 1+ minutes
15:01:16 |    Kiro processes running: 11
15:01:16 | 📈 Progress: 0% | Stage: error | Time: 10.5min
15:01:21 | 🚨 STUCK at 0% for 1+ minutes
15:01:21 |    Kiro processes running: 10
15:01:21 | 📈 Progress: 0% | Stage: error | Time: 10.6min
15:01:26 | 🚨 STUCK at 0% for 1+ minutes
15:01:26 |    Kiro processes running: 10
15:01:26 | 📈 Progress: 0% | Stage: error | Time: 10.7min
15:01:31 | 🚨 STUCK at 0% for 1+ minutes
15:01:31 |    Kiro processes running: 10
15:01:31 | 📈 Progress: 0% | Stage: error | Time: 10.8min
15:01:36 | 🚨 STUCK at 0% for 1+ minutes
15:01:36 |    Kiro processes running: 11
15:01:36 | 📈 Progress: 0% | Stage: error | Time: 10.9min
15:01:41 | 🚨 STUCK at 0% for 1+ minutes
15:01:41 |    Kiro processes running: 11
15:01:41 | 📈 Progress: 0% | Stage: error | Time: 11.0min
15:01:46 | 🚨 STUCK at 0% for 1+ minutes
15:01:46 |    Kiro processes running: 10
15:01:46 | 📈 Progress: 0% | Stage: error | Time: 11.0min
15:01:51 | 🚨 STUCK at 0% for 1+ minutes
15:01:51 |    Kiro processes running: 10
15:01:51 | 📈 Progress: 0% | Stage: error | Time: 11.1min
15:01:56 | 🚨 STUCK at 0% for 1+ minutes
15:01:56 |    Kiro processes running: 10
15:01:56 | 📈 Progress: 0% | Stage: error | Time: 11.2min
15:02:01 | 🚨 STUCK at 0% for 1+ minutes
15:02:01 |    Kiro processes running: 10
15:02:01 | 📈 Progress: 0% | Stage: error | Time: 11.3min
15:02:06 | 🚨 STUCK at 0% for 1+ minutes
15:02:06 |    Kiro processes running: 10
15:02:06 | 📈 Progress: 0% | Stage: error | Time: 11.4min
15:02:11 | 🚨 STUCK at 0% for 1+ minutes
15:02:11 |    Kiro processes running: 10
15:02:11 | 📈 Progress: 0% | Stage: error | Time: 11.5min
15:02:16 | 🚨 STUCK at 0% for 1+ minutes
15:02:16 |    Kiro processes running: 10
15:02:16 | 📈 Progress: 0% | Stage: error | Time: 11.5min
15:02:21 | 🚨 STUCK at 0% for 1+ minutes
15:02:21 |    Kiro processes running: 10
15:02:21 | 📈 Progress: 0% | Stage: error | Time: 11.6min
15:02:26 | 🚨 STUCK at 0% for 1+ minutes
15:02:26 |    Kiro processes running: 10
15:02:26 | 📈 Progress: 0% | Stage: error | Time: 11.7min
15:02:31 | 🚨 STUCK at 0% for 1+ minutes
15:02:31 |    Kiro processes running: 10
15:02:31 | 📈 Progress: 0% | Stage: error | Time: 11.8min
15:02:36 | 🚨 STUCK at 0% for 1+ minutes
15:02:36 |    Kiro processes running: 10
15:02:36 | 📈 Progress: 0% | Stage: error | Time: 11.9min
15:02:41 | 🚨 STUCK at 0% for 1+ minutes
15:02:41 |    Kiro processes running: 10
15:02:41 | 📈 Progress: 0% | Stage: error | Time: 12.0min
15:02:46 | 🚨 STUCK at 0% for 1+ minutes
15:02:46 |    Kiro processes running: 10
15:02:46 | 📈 Progress: 0% | Stage: error | Time: 12.1min
15:02:51 | 🚨 STUCK at 0% for 1+ minutes
15:02:51 |    Kiro processes running: 10
15:02:51 | 📈 Progress: 0% | Stage: error | Time: 12.1min
15:02:56 | 🚨 STUCK at 0% for 1+ minutes
15:02:57 |    Kiro processes running: 10
15:02:57 | 📈 Progress: 0% | Stage: error | Time: 12.2min
15:03:02 | 🚨 STUCK at 0% for 1+ minutes
15:03:02 |    Kiro processes running: 10
15:03:02 | 📈 Progress: 0% | Stage: error | Time: 12.3min
15:03:07 | 🚨 STUCK at 0% for 1+ minutes
15:03:07 |    Kiro processes running: 10
15:03:07 | 📈 Progress: 0% | Stage: error | Time: 12.4min
15:03:12 | 🚨 STUCK at 0% for 1+ minutes
15:03:12 |    Kiro processes running: 10
15:03:12 | 📈 Progress: 0% | Stage: error | Time: 12.5min
15:03:17 | 🚨 STUCK at 0% for 1+ minutes
15:03:17 |    Kiro processes running: 10
15:03:17 | 📈 Progress: 0% | Stage: error | Time: 12.6min
15:03:22 | 🚨 STUCK at 0% for 1+ minutes
15:03:22 |    Kiro processes running: 10
15:03:22 | 📈 Progress: 0% | Stage: error | Time: 12.6min
15:03:27 | 🚨 STUCK at 0% for 1+ minutes
15:03:27 |    Kiro processes running: 10
15:03:27 | 📈 Progress: 0% | Stage: error | Time: 12.7min
15:03:32 | 🚨 STUCK at 0% for 1+ minutes
15:03:32 |    Kiro processes running: 10
15:03:32 | 📈 Progress: 0% | Stage: error | Time: 12.8min
15:03:37 | 🚨 STUCK at 0% for 1+ minutes
15:03:37 |    Kiro processes running: 10
15:03:37 | 📈 Progress: 0% | Stage: error | Time: 12.9min
15:03:42 | 🚨 STUCK at 0% for 1+ minutes
15:03:42 |    Kiro processes running: 10
15:03:42 | 📈 Progress: 0% | Stage: error | Time: 13.0min
15:03:47 | 🚨 STUCK at 0% for 1+ minutes
15:03:47 |    Kiro processes running: 10
15:03:47 | 📈 Progress: 0% | Stage: error | Time: 13.1min
15:03:52 | 🚨 STUCK at 0% for 1+ minutes
15:03:52 |    Kiro processes running: 10
15:03:52 | 📈 Progress: 0% | Stage: error | Time: 13.1min
15:03:57 | 🚨 STUCK at 0% for 1+ minutes
15:03:57 |    Kiro processes running: 10
15:03:57 | 📈 Progress: 0% | Stage: error | Time: 13.2min
15:04:02 | 🚨 STUCK at 0% for 1+ minutes
15:04:02 |    Kiro processes running: 10
15:04:02 | 📈 Progress: 0% | Stage: error | Time: 13.3min
15:04:07 | 🚨 STUCK at 0% for 1+ minutes
15:04:07 |    Kiro processes running: 10
15:04:07 | 📈 Progress: 0% | Stage: error | Time: 13.4min
15:04:12 | 🚨 STUCK at 0% for 1+ minutes
15:04:12 |    Kiro processes running: 10
15:04:12 | 📈 Progress: 0% | Stage: error | Time: 13.5min
15:04:17 | 🚨 STUCK at 0% for 1+ minutes
15:04:17 |    Kiro processes running: 10
15:04:17 | 📈 Progress: 0% | Stage: error | Time: 13.6min
15:04:22 | 🚨 STUCK at 0% for 1+ minutes
15:04:22 |    Kiro processes running: 10
15:04:22 | 📈 Progress: 0% | Stage: error | Time: 13.7min
15:04:28 | 🚨 STUCK at 0% for 1+ minutes
15:04:28 |    Kiro processes running: 10
15:04:28 | 📈 Progress: 0% | Stage: error | Time: 13.7min
15:04:33 | 🚨 STUCK at 0% for 1+ minutes
15:04:33 |    Kiro processes running: 10
15:04:33 | 📈 Progress: 0% | Stage: error | Time: 13.8min
15:04:38 | 🚨 STUCK at 0% for 1+ minutes
15:04:38 |    Kiro processes running: 10
15:04:38 | 📈 Progress: 0% | Stage: error | Time: 13.9min
15:04:43 | 🚨 STUCK at 0% for 1+ minutes
15:04:43 |    Kiro processes running: 10
15:04:43 | 📈 Progress: 0% | Stage: error | Time: 14.0min
15:04:48 | 🚨 STUCK at 0% for 1+ minutes
15:04:48 |    Kiro processes running: 11
15:04:48 | 📈 Progress: 0% | Stage: error | Time: 14.1min
15:04:53 | 🚨 STUCK at 0% for 1+ minutes
15:04:53 |    Kiro processes running: 11
15:04:53 | 📈 Progress: 0% | Stage: error | Time: 14.2min
15:04:58 | 🚨 STUCK at 0% for 1+ minutes
15:04:58 |    Kiro processes running: 10
15:04:58 | 📈 Progress: 0% | Stage: error | Time: 14.2min
15:05:03 | 🚨 STUCK at 0% for 1+ minutes
15:05:03 |    Kiro processes running: 10
15:05:03 | 📈 Progress: 0% | Stage: error | Time: 14.3min
15:05:08 | 🚨 STUCK at 0% for 1+ minutes
15:05:08 |    Kiro processes running: 10
15:05:08 | 📈 Progress: 0% | Stage: error | Time: 14.4min
15:05:13 | 🚨 STUCK at 0% for 1+ minutes
15:05:13 |    Kiro processes running: 10
15:05:13 | 📈 Progress: 0% | Stage: error | Time: 14.5min
15:05:18 | 🚨 STUCK at 0% for 1+ minutes
15:05:18 |    Kiro processes running: 10
15:05:18 | 📈 Progress: 0% | Stage: error | Time: 14.6min
15:05:23 | 🚨 STUCK at 0% for 1+ minutes
15:05:23 |    Kiro processes running: 10
15:05:23 | 📈 Progress: 0% | Stage: error | Time: 14.7min
15:05:28 | 🚨 STUCK at 0% for 1+ minutes
15:05:28 |    Kiro processes running: 10
15:05:28 | 📈 Progress: 0% | Stage: error | Time: 14.7min
15:05:33 | 🚨 STUCK at 0% for 1+ minutes
15:05:33 |    Kiro processes running: 11
15:05:33 | 📈 Progress: 0% | Stage: error | Time: 14.8min
15:05:38 | 🚨 STUCK at 0% for 1+ minutes
15:05:38 |    Kiro processes running: 11
15:05:38 | 📈 Progress: 0% | Stage: error | Time: 14.9min
15:05:43 | ⏰ TIMEOUT after 15.0 minutes - KILLING PROCESSES
15:05:43 | 🔪 Killing stuck Kiro CLI processes...
